// Jest Snapshot v1, https://goo.gl/fbAQLP

exports[`<LoginForm /> worldwide cases page renders as expected 1`] = `
<DocumentFragment>
  <div
    class="ui center aligned middle aligned grid"
    style="height: 100vh;"
  >
    <div
      class="column"
      style="max-width: 450px;"
    >
      <h2
        class="ui center aligned header"
      >
        Log-in to your account
      </h2>
      <form
        class="ui large form"
      >
        <div
          class="ui stacked segment"
        >
          <div
            class="field"
          >
            <div
              class="ui fluid left icon input"
            >
              <input
                placeholder="E-mail address"
                type="text"
              />
              <i
                aria-hidden="true"
                class="user icon"
              />
            </div>
          </div>
          <div
            class="field"
          >
            <div
              class="ui fluid left icon input"
            >
              <input
                placeholder="Password"
                type="password"
              />
              <i
                aria-hidden="true"
                class="lock icon"
              />
            </div>
          </div>
          <button
            class="ui large fluid button"
          >
            Login
          </button>
        </div>
      </form>
    </div>
  </div>
</DocumentFragment>
`;
